2026-07-14T19:33:27.2002973Z State: Stopping, Action: UnmountingVolumes, LastError: ContainerTimeout, LastErrorTimestamp: 07/14/2026 19:33:26, LastErrorDetails: Container did not start within expected time limit of 230s. Please inspect your container logs for more details., Details: Site container: agrisource-api-benno terminated during site startup. Cancelling site startup., DetailsLevel: ERR
2026-07-14T19:33:28.9858194Z State: Stopping, Action: StoppingSiteNetworks, LastError: ContainerTimeout, LastErrorTimestamp: 07/14/2026 19:33:26, LastErrorDetails: Container did not start within expected time limit of 230s. Please inspect your container logs for more details., Details: Site container: agrisource-api-benno terminated during site startup. Cancelling site startup., DetailsLevel: ERR
2026-07-14T19:33:30.5944564Z Site: agrisource-api-benno will be blocked for 1 minutes till 07/14/2026 19:34:30
2026-07-14T19:33:30.6546367Z State: Blocked, Action: StoppingSiteNetworks, LastError: ContainerTimeout, LastErrorTimestamp: 07/14/2026 19:33:26, LastErrorDetails: Container did not start within expected time limit of 230s. Please inspect your container logs for more details., Details: Site: agrisource-api-benno will be blocked for 1 minutes till 07/14/2026 19:34:30, DetailsLevel: WARN
2026-07-14T19:33:31.1882652Z State: Stopped, Action: None, LastError: ContainerTimeout, LastErrorTimestamp: 07/14/2026 19:33:26, LastErrorDetails: Container did not start within expected time limit of 230s. Please inspect your container logs for more details., Details: Site stopped at 07/14/2026 19:33:31 (UTC), DetailsLevel: WARN
2026-07-14T19:33:33.5567214Z State: Stopped, Action: None, LastError: ContainerTimeout, LastErrorTimestamp: 07/14/2026 19:33:26, LastErrorDetails: Container did not start within expected time limit of 230s. Please inspect your container logs for more details., Details: Site stopped at 07/14/2026 19:33:31 (UTC), DetailsLevel: WARN
2026-07-14T19:34:30.8333645Z Site: agrisource-api-benno is unblocked.
2026-07-14T19:34:58.0892365Z State: Starting, Action: EstablishingSiteNetworks, LastError: ContainerTimeout, LastErrorTimestamp: 07/14/2026 19:33:26, LastErrorDetails: Container did not start within expected time limit of 230s. Please inspect your container logs for more details., Details: Site stopped at 07/14/2026 19:33:31 (UTC), DetailsLevel: WARN
2026-07-14T19:35:00.4904871Z State: Starting, Action: StartingSiteContainers, LastError: ContainerTimeout, LastErrorTimestamp: 07/14/2026 19:33:26, LastErrorDetails: Container did not start within expected time limit of 230s. Please inspect your container logs for more details., Details: Site stopped at 07/14/2026 19:33:31 (UTC), DetailsLevel: WARN
2026-07-14T19:35:00.4909738Z Container start method called.
2026-07-14T19:35:00.4922553Z State: Starting, Action: PullingImage, LastError: ContainerTimeout, LastErrorTimestamp: 07/14/2026 19:33:26, LastErrorDetails: Container did not start within expected time limit of 230s. Please inspect your container logs for more details., Details: Pulling image 10.1.0.5:13209/appsvc/dotnetcore:8.0_20260504.4.tuxprod for agrisource-api-benno., DetailsLevel: INFO
2026-07-14T19:35:00.4924008Z Establishing network.
2026-07-14T19:35:00.4925639Z Pulling image: appsvc/dotnetcore:8.0_20260504.4.tuxprod.
2026-07-14T19:35:01.2362318Z Container is starting.
2026-07-14T19:35:01.2372079Z State: Starting, Action: MountingVolumes, LastError: ContainerTimeout, LastErrorTimestamp: 07/14/2026 19:33:26, LastErrorDetails: Container did not start within expected time limit of 230s. Please inspect your container logs for more details., Details: Mounting volumes for agrisource-api-benno., DetailsLevel: INFO
2026-07-14T19:35:01.2373445Z Establishing user namespace if not established already.
2026-07-14T19:35:01.2385754Z Establishing network if not established already.
2026-07-14T19:35:01.2392416Z Mounting volumes.
2026-07-14T19:35:01.2474369Z Nested mountpoint 
2026-07-14T19:35:01.3160779Z Nested mountpoint volatile/logs
2026-07-14T19:35:01.3756897Z Nested mountpoint 
2026-07-14T19:35:01.4460699Z Nested mountpoint 
2026-07-14T19:35:01.4466330Z Nested mountpoint 
2026-07-14T19:35:01.5960349Z Nested mountpoint 
2026-07-14T19:35:03.6408527Z State: Starting, Action: CreatingContainer, LastError: ContainerTimeout, LastErrorTimestamp: 07/14/2026 19:33:26, LastErrorDetails: Container did not start within expected time limit of 230s. Please inspect your container logs for more details., Details: Finished pulling container image and mounting volumes for agrisource-api-benno. Allocatinng the rest of the container resources to finish container creation., DetailsLevel: INFO
2026-07-14T19:35:03.6409422Z Creating container.
2026-07-14T19:35:03.6410000Z Creating pipes for streaming container io.
2026-07-14T19:35:03.6410490Z Creating stdout named pipe at /podr/container/pipe/3d015f5fcf3c_agrisource-api-benno/stdout_03840531201d4e3389aa6992d81213fd.
2026-07-14T19:35:03.6802150Z Successfully created stdout named pipe at: /podr/container/pipe/3d015f5fcf3c_agrisource-api-benno/stdout_03840531201d4e3389aa6992d81213fd.
2026-07-14T19:35:03.6802936Z Opening named pipe /podr/container/pipe/3d015f5fcf3c_agrisource-api-benno/stdout_03840531201d4e3389aa6992d81213fd for reading in non-blocking mode.
2026-07-14T19:35:03.6803780Z Successfully opened named pipe: /podr/container/pipe/3d015f5fcf3c_agrisource-api-benno/stdout_03840531201d4e3389aa6992d81213fd.
2026-07-14T19:35:03.6804305Z Successfully removed non-blocking flag from /podr/container/pipe/3d015f5fcf3c_agrisource-api-benno/stdout_03840531201d4e3389aa6992d81213fd.
2026-07-14T19:35:03.6805260Z Creating stderr named pipe at /podr/container/pipe/3d015f5fcf3c_agrisource-api-benno/stderr_8d226399865d4fde846de035a090e765.
2026-07-14T19:35:03.6806094Z Successfully created stderr named pipe at: /podr/container/pipe/3d015f5fcf3c_agrisource-api-benno/stderr_8d226399865d4fde846de035a090e765.
2026-07-14T19:35:03.6806550Z Opening named pipe /podr/container/pipe/3d015f5fcf3c_agrisource-api-benno/stderr_8d226399865d4fde846de035a090e765 for reading in non-blocking mode.
2026-07-14T19:35:03.6807103Z Successfully opened named pipe: /podr/container/pipe/3d015f5fcf3c_agrisource-api-benno/stderr_8d226399865d4fde846de035a090e765.
2026-07-14T19:35:03.6807562Z Successfully removed non-blocking flag from /podr/container/pipe/3d015f5fcf3c_agrisource-api-benno/stderr_8d226399865d4fde846de035a090e765.
2026-07-14T19:35:03.7502375Z Creating container with image: appsvc/dotnetcore:8.0_20260504.4.tuxprod from registry: 10.1.0.5:13209 and fully qualified image name: 10.1.0.5:13209/appsvc/dotnetcore:8.0_20260504.4.tuxprod
2026-07-14T19:35:08.7564696Z Starting container: 3d015f5fcf3c_agrisource-api-benno.
2026-07-14T19:35:08.9071440Z Starting watchers and probes.
2026-07-14T19:35:08.9142836Z Starting metrics collection.
2026-07-14T19:35:08.9144073Z Container is running.
2026-07-14T19:35:08.9145349Z State: Starting, Action: CreatingContainer, LastError: ContainerTimeout, LastErrorTimestamp: 07/14/2026 19:33:26, LastErrorDetails: Container did not start within expected time limit of 230s. Please inspect your container logs for more details., Details: Container agrisource-api-benno successfully created and is running., DetailsLevel: INFO
2026-07-14T19:35:09.5050773Z Container start method finished after 8997 ms.
2026-07-14T19:35:09.5053424Z State: Starting, Action: InitiatingSiteWarmUpProbe, LastError: ContainerTimeout, LastErrorTimestamp: 07/14/2026 19:33:26, LastErrorDetails: Container did not start within expected time limit of 230s. Please inspect your container logs for more details., Details: Container agrisource-api-benno successfully created and is running., DetailsLevel: INFO
2026-07-14T19:35:09.5053907Z State: Starting, Action: WaitingForSiteWarmUpProbeSuccess, LastError: ContainerTimeout, LastErrorTimestamp: 07/14/2026 19:33:26, LastErrorDetails: Container did not start within expected time limit of 230s. Please inspect your container logs for more details., Details: Pinging warmup path to ensure container is ready to receive requests., DetailsLevel: INFO
