2026-07-14T19:24:15.6237697Z,Updating submodules.,00b4ba84-8512-4529-8386-226ddba36fae,0
2026-07-14T19:24:16.8099129Z,Preparing deployment for commit id 'c7f62b67-c'.,c7e7954d-ca76-4e9b-922e-ec54d65da210,0
2026-07-14T19:24:17.3348008Z,PreDeployment: context.CleanOutputPath False,f9756ccd-8dbe-432e-80ac-2c08cc40abf9,0
2026-07-14T19:24:17.5773020Z,PreDeployment: context.OutputPath /home/site/wwwroot,7e550aef-3c88-4a1c-8862-51f7aa10060e,0
2026-07-14T19:24:17.7494134Z,Running build. Project type: OneDeploy,d3ac4653-62b7-4820-8635-53e6d89e4386,0
2026-07-14T19:24:17.9182877Z,Copying the manifest,d9bf56b6-c09d-48c0-ae39-a536f85a8c1f,0
2026-07-14T19:24:18.2350434Z,Running deployment command...,5fb8ddc1-0dc9-43c4-8dab-b64c7518069b,0
	2026-07-14T19:24:18.2643399Z,Command: /opt/Kudu/Scripts/parallel_rsync.sh /tmp/zipdeploy/extracted /home/site/wwwroot 8 /tmp/ False False  ,,0
	2026-07-14T19:24:19.1621300Z,Run rsync from: /tmp/zipdeploy/extracted/ to: /home/site/wwwroot/ in 8 parallel threads,,0
	2026-07-14T19:24:19.2523713Z,Delete options: clean=False&comma; use manifest=False&comma; directory to ignore=,,0
	2026-07-14T19:24:19.2839039Z,Prev manifest = /home/site/deployments/20b03810-92b1-4cd1-82d0-3112c2b3256c/manifest and next /home/site/deployments/c7f62b67-c504-4f0e-8ee1-33b0b5ff4c77/manifest,,0
	2026-07-14T19:24:19.3430224Z,Cleaning up /tmp//filelist.txt and /tmp//splits,,0
	2026-07-14T19:24:19.4337994Z,Creating a list of all files at /tmp//filelist.txt,,0
	2026-07-14T19:24:19.4570273Z,No directory to exclude.,,0
	2026-07-14T19:24:19.4788259Z,Created /tmp//filelist.txt. Total number of files to be synced = 345.,,0
	2026-07-14T19:24:19.5099430Z,Created batches from the list of files. Processing 44 files in each thread,,0
	2026-07-14T19:24:19.5813130Z,Running rsync for filelist /tmp//splits/split.ab from /tmp/zipdeploy/extracted/ to /home/site/wwwroot/,,0
	2026-07-14T19:24:19.6505584Z,Running rsync for filelist /tmp//splits/split.ac from /tmp/zipdeploy/extracted/ to /home/site/wwwroot/,,0
	2026-07-14T19:24:19.6621163Z,Running rsync for filelist /tmp//splits/split.aa from /tmp/zipdeploy/extracted/ to /home/site/wwwroot/,,0
	2026-07-14T19:24:19.6937004Z,Running rsync for filelist /tmp//splits/split.ae from /tmp/zipdeploy/extracted/ to /home/site/wwwroot/,,0
	2026-07-14T19:24:19.7121455Z,Running rsync for filelist /tmp//splits/split.ad from /tmp/zipdeploy/extracted/ to /home/site/wwwroot/,,0
	2026-07-14T19:24:19.7245472Z,Running rsync for filelist /tmp//splits/split.af from /tmp/zipdeploy/extracted/ to /home/site/wwwroot/,,0
	2026-07-14T19:24:19.7390054Z,Running rsync for filelist /tmp//splits/split.ah from /tmp/zipdeploy/extracted/ to /home/site/wwwroot/,,0
	2026-07-14T19:24:19.7645563Z,Running rsync for filelist /tmp//splits/split.ag from /tmp/zipdeploy/extracted/ to /home/site/wwwroot/,,0
	2026-07-14T19:24:19.7875113Z,,,0
	2026-07-14T19:24:19.7980450Z,Number of files: 44 (reg: 44),,0
	2026-07-14T19:24:19.8087847Z,Number of created files: 0,,0
	2026-07-14T19:24:19.8184398Z,Number of deleted files: 0,,0
	2026-07-14T19:24:19.8280946Z,Number of regular files transferred: 1,,0
	2026-07-14T19:24:19.8384610Z,Total file size: 10.75M bytes,,0
	2026-07-14T19:24:19.8510937Z,Total transferred file size: 5.52K bytes,,0
	2026-07-14T19:24:19.8675163Z,Literal data: 5.52K bytes,,0
	2026-07-14T19:24:19.8794628Z,Matched data: 0 bytes,,0
	2026-07-14T19:24:19.8895610Z,File list size: 0,,0
	2026-07-14T19:24:19.8992167Z,File list generation time: 0.077 seconds,,0
	2026-07-14T19:24:19.9094544Z,File list transfer time: 0.000 seconds,,0
	2026-07-14T19:24:19.9202547Z,Total bytes sent: 3.27K,,0
	2026-07-14T19:24:19.9381649Z,Total bytes received: 164,,0
	2026-07-14T19:24:19.9480825Z,,,0
	2026-07-14T19:24:19.9591164Z,sent 3.27K bytes  received 164 bytes  2.29K bytes/sec,,0
	2026-07-14T19:24:19.9744940Z,total size is 10.75M  speedup is 3&comma;127.15,,0
	2026-07-14T19:24:19.9845110Z,Attempt 1: Rsync for filelist /tmp//splits/split.ac completed with exit code 0,,0
	2026-07-14T19:24:19.9949255Z,,,0
	2026-07-14T19:24:20.0041250Z,Number of files: 44 (reg: 44),,0
	2026-07-14T19:24:20.0134993Z,Number of created files: 1 (reg: 1),,0
	2026-07-14T19:24:20.0232577Z,Number of deleted files: 0,,0
	2026-07-14T19:24:20.0335914Z,Number of regular files transferred: 1,,0
	2026-07-14T19:24:20.0477472Z,Total file size: 13.94M bytes,,0
	2026-07-14T19:24:20.0601152Z,Total transferred file size: 162.30K bytes,,0
	2026-07-14T19:24:20.0717823Z,Literal data: 162.30K bytes,,0
	2026-07-14T19:24:20.0823831Z,Matched data: 0 bytes,,0
	2026-07-14T19:24:20.0937337Z,File list size: 0,,0
	2026-07-14T19:24:20.1033507Z,File list generation time: 0.090 seconds,,0
	2026-07-14T19:24:20.1128617Z,File list transfer time: 0.000 seconds,,0
	2026-07-14T19:24:20.1216626Z,Total bytes sent: 76.97K,,0
	2026-07-14T19:24:20.1311271Z,Total bytes received: 164,,0
	2026-07-14T19:24:20.1397804Z,,,0
	2026-07-14T19:24:20.1485308Z,sent 76.97K bytes  received 164 bytes  51.43K bytes/sec,,0
	2026-07-14T19:24:20.1579637Z,total size is 13.94M  speedup is 180.78,,0
	2026-07-14T19:24:20.1678603Z,Attempt 1: Rsync for filelist /tmp//splits/split.aa completed with exit code 0,,0
	2026-07-14T19:24:20.1777979Z,,,0
	2026-07-14T19:24:20.1874256Z,Number of files: 44 (reg: 44),,0
	2026-07-14T19:24:20.2073304Z,Number of created files: 0,,0
	2026-07-14T19:24:20.2184362Z,Number of deleted files: 0,,0
	2026-07-14T19:24:20.2279127Z,Number of regular files transferred: 0,,0
	2026-07-14T19:24:20.2384049Z,Total file size: 30.26M bytes,,0
	2026-07-14T19:24:20.2513368Z,Total transferred file size: 0 bytes,,0
	2026-07-14T19:24:20.2601436Z,Literal data: 0 bytes,,0
	2026-07-14T19:24:20.2694270Z,Matched data: 0 bytes,,0
	2026-07-14T19:24:20.2789268Z,File list size: 0,,0
	2026-07-14T19:24:20.4302440Z,File list generation time: 0.042 seconds,,0
	2026-07-14T19:24:20.4415914Z,File list transfer time: 0.000 seconds,,0
	2026-07-14T19:24:20.4517436Z,Total bytes sent: 1.82K,,0
	2026-07-14T19:24:20.4608571Z,Total bytes received: 148,,0
	2026-07-14T19:24:20.4695132Z,,,0
	2026-07-14T19:24:20.4795791Z,sent 1.82K bytes  received 148 bytes  1.31K bytes/sec,,0
	2026-07-14T19:24:20.4889756Z,total size is 30.26M  speedup is 15&comma;373.52,,0
	2026-07-14T19:24:20.4999196Z,Attempt 1: Rsync for filelist /tmp//splits/split.ad completed with exit code 0,,0
	2026-07-14T19:24:20.5109331Z,,,0
	2026-07-14T19:24:20.5208843Z,Number of files: 44 (reg: 44),,0
	2026-07-14T19:24:20.5341918Z,Number of created files: 0,,0
	2026-07-14T19:24:20.5448936Z,Number of deleted files: 0,,0
	2026-07-14T19:24:20.5545169Z,Number of regular files transferred: 1,,0
	2026-07-14T19:24:20.5650209Z,Total file size: 11.33M bytes,,0
	2026-07-14T19:24:20.5755954Z,Total transferred file size: 44.58K bytes,,0
	2026-07-14T19:24:20.5858246Z,Literal data: 44.58K bytes,,0
	2026-07-14T19:24:20.5960132Z,Matched data: 0 bytes,,0
	2026-07-14T19:24:20.6134463Z,File list size: 0,,0
	2026-07-14T19:24:20.6481104Z,File list generation time: 0.064 seconds,,0
	2026-07-14T19:24:20.6610984Z,File list transfer time: 0.000 seconds,,0
	2026-07-14T19:24:20.6753978Z,Total bytes sent: 25.84K,,0
	2026-07-14T19:24:20.6859558Z,Total bytes received: 164,,0
	2026-07-14T19:24:20.7004725Z,,,0
	2026-07-14T19:24:20.7102070Z,sent 25.84K bytes  received 164 bytes  17.33K bytes/sec,,0
	2026-07-14T19:24:20.7214690Z,total size is 11.33M  speedup is 435.93,,0
	2026-07-14T19:24:20.7343410Z,Attempt 1: Rsync for filelist /tmp//splits/split.ab completed with exit code 0,,0
	2026-07-14T19:24:20.7644571Z,,,0
	2026-07-14T19:24:20.7767374Z,Number of files: 44 (reg: 44),,0
	2026-07-14T19:24:20.8001452Z,Number of created files: 0,,0
	2026-07-14T19:24:20.8161668Z,Number of deleted files: 0,,0
	2026-07-14T19:24:20.8638560Z,Number of regular files transferred: 1,,0
	2026-07-14T19:24:20.8853059Z,Total file size: 3.46M bytes,,0
	2026-07-14T19:24:20.9164080Z,Total transferred file size: 491 bytes,,0
	2026-07-14T19:24:20.9644805Z,Literal data: 491 bytes,,0
	2026-07-14T19:24:21.0429607Z,Matched data: 0 bytes,,0
	2026-07-14T19:24:21.1346107Z,File list size: 0,,0
	2026-07-14T19:24:21.1930073Z,File list generation time: 0.021 seconds,,0
	2026-07-14T19:24:21.2715097Z,File list transfer time: 0.000 seconds,,0
	2026-07-14T19:24:21.3129721Z,Total bytes sent: 2.32K,,0
	2026-07-14T19:24:21.3828301Z,Total bytes received: 164,,0
	2026-07-14T19:24:21.4247993Z,,,0
	2026-07-14T19:24:21.4723838Z,sent 2.32K bytes  received 164 bytes  1.65K bytes/sec,,0
	2026-07-14T19:24:21.5708673Z,total size is 3.46M  speedup is 1&comma;392.68,,0
	2026-07-14T19:24:21.6608019Z,Attempt 1: Rsync for filelist /tmp//splits/split.ae completed with exit code 0,,0
	2026-07-14T19:24:21.7093728Z,,,0
	2026-07-14T19:24:21.7420567Z,Number of files: 44 (reg: 44),,0
	2026-07-14T19:24:21.8009437Z,Number of created files: 0,,0
	2026-07-14T19:24:21.8599189Z,Number of deleted files: 0,,0
	2026-07-14T19:24:21.9103920Z,Number of regular files transferred: 0,,0
	2026-07-14T19:24:21.9606389Z,Total file size: 21.02M bytes,,0
	2026-07-14T19:24:22.0011181Z,Total transferred file size: 0 bytes,,0
	2026-07-14T19:24:22.0394504Z,Literal data: 0 bytes,,0
	2026-07-14T19:24:22.1191881Z,Matched data: 0 bytes,,0
	2026-07-14T19:24:22.1583779Z,File list size: 0,,0
	2026-07-14T19:24:22.2746255Z,File list generation time: 0.030 seconds,,0
	2026-07-14T19:24:22.5117662Z,File list transfer time: 0.000 seconds,,0
	2026-07-14T19:24:22.6503345Z,Total bytes sent: 1.85K,,0
	2026-07-14T19:24:22.7325763Z,Total bytes received: 148,,0
	2026-07-14T19:24:22.8023032Z,,,0
	2026-07-14T19:24:22.9114916Z,sent 1.85K bytes  received 148 bytes  1.33K bytes/sec,,0
	2026-07-14T19:24:23.2832415Z,total size is 21.02M  speedup is 10&comma;515.19,,0
	2026-07-14T19:24:23.5904917Z,Attempt 1: Rsync for filelist /tmp//splits/split.ag completed with exit code 0,,0
	2026-07-14T19:24:23.6598046Z,,,0
	2026-07-14T19:24:23.7860298Z,Number of files: 44 (reg: 44),,0
	2026-07-14T19:24:23.9115334Z,Number of created files: 0,,0
	2026-07-14T19:24:24.0145552Z,Number of deleted files: 0,,0
	2026-07-14T19:24:24.1101434Z,Number of regular files transferred: 2,,0
	2026-07-14T19:24:24.2297186Z,Total file size: 8.97M bytes,,0
	2026-07-14T19:24:24.3401957Z,Total transferred file size: 195.12K bytes,,0
	2026-07-14T19:24:24.4448338Z,Literal data: 195.12K bytes,,0
	2026-07-14T19:24:24.5135833Z,Matched data: 0 bytes,,0
	2026-07-14T19:24:24.5634381Z,File list size: 0,,0
	2026-07-14T19:24:24.6219093Z,File list generation time: 0.186 seconds,,0
	2026-07-14T19:24:24.6644590Z,File list transfer time: 0.000 seconds,,0
	2026-07-14T19:24:24.6928571Z,Total bytes sent: 52.61K,,0
	2026-07-14T19:24:24.7154108Z,Total bytes received: 180,,0
	2026-07-14T19:24:24.7849327Z,,,0
	2026-07-14T19:24:24.8740968Z,sent 52.61K bytes  received 180 bytes  35.19K bytes/sec,,0
	2026-07-14T19:24:24.9298288Z,total size is 8.97M  speedup is 169.84,,0
	2026-07-14T19:24:25.0098702Z,Attempt 1: Rsync for filelist /tmp//splits/split.af completed with exit code 0,,0
	2026-07-14T19:24:25.1202363Z,,,0
	2026-07-14T19:24:25.1873961Z,Number of files: 37 (reg: 37),,0
	2026-07-14T19:24:25.2271642Z,Number of created files: 1 (reg: 1),,0
	2026-07-14T19:24:25.2700636Z,Number of deleted files: 0,,0
	2026-07-14T19:24:25.3258806Z,Number of regular files transferred: 1,,0
	2026-07-14T19:24:25.3845457Z,Total file size: 13.69M bytes,,0
	2026-07-14T19:24:25.4270367Z,Total transferred file size: 490 bytes,,0
	2026-07-14T19:24:25.4847412Z,Literal data: 490 bytes,,0
	2026-07-14T19:24:25.5356103Z,Matched data: 0 bytes,,0
	2026-07-14T19:24:25.5780473Z,File list size: 0,,0
	2026-07-14T19:24:25.6277074Z,File list generation time: 0.111 seconds,,0
	2026-07-14T19:24:25.6949555Z,File list transfer time: 0.000 seconds,,0
	2026-07-14T19:24:25.7654828Z,Total bytes sent: 1.97K,,0
	2026-07-14T19:24:25.8159965Z,Total bytes received: 143,,0
	2026-07-14T19:24:25.8928175Z,,,0
	2026-07-14T19:24:25.9532447Z,sent 1.97K bytes  received 143 bytes  1.41K bytes/sec,,0
	2026-07-14T19:24:26.0338219Z,total size is 13.69M  speedup is 6&comma;478.76,,0
	2026-07-14T19:24:26.1146052Z,Attempt 1: Rsync for filelist /tmp//splits/split.ah completed with exit code 0,,0
	2026-07-14T19:24:26.2114467Z,Completed successfully in 1 seconds,,0
2026-07-14T19:24:26.5918884Z,Build completed succesfully.,f451e46d-1a52-4f01-9842-6f3da935b6f5,0
2026-07-14T19:24:26.8302746Z,Running post deployment command(s)...,73ed4fe1-f682-472b-9ed3-69eedfd09a97,0
2026-07-14T19:24:27.4329976Z,Triggering container recycle for OneDeploy by adding/updating restartTrigger.txt to the site root path,a55c46f6-6a3e-4aca-8e24-5165cbc621c0,0
2026-07-14T19:24:27.8608869Z,Deployment successful. deployer = OneDeploy deploymentPath = OneDeploy,aa43c502-d80d-4b4a-8226-b65bef8f83cc,0
