2026-07-15T01:05:47.5790990Z State: Starting, Action: EstablishingSiteNetworks, LastError: ContainerTimeout, LastErrorTimestamp: 07/15/2026 01:01:42, LastErrorDetails: Container did not start within expected time limit of 1800s. Please inspect your container logs for more details., Details: Site is blocked due to multiple, consecutive cold start failures. Site scheduled to be unblocked at 07/15/2026 01:03:44, DetailsLevel: WARN
2026-07-15T01:05:53.5409723Z State: Starting, Action: StartingSiteContainers, LastError: ContainerTimeout, LastErrorTimestamp: 07/15/2026 01:01:42, LastErrorDetails: Container did not start within expected time limit of 1800s. Please inspect your container logs for more details., Details: Site is blocked due to multiple, consecutive cold start failures. Site scheduled to be unblocked at 07/15/2026 01:03:44, DetailsLevel: WARN
2026-07-15T01:05:53.5411079Z Container start method called.
2026-07-15T01:05:53.5411483Z State: Starting, Action: PullingImage, LastError: ContainerTimeout, LastErrorTimestamp: 07/15/2026 01:01:42, LastErrorDetails: Container did not start within expected time limit of 1800s. Please inspect your container logs for more details., Details: Pulling image 10.1.0.4:13209/appsvc/dotnetcore:8.0_20260504.4.tuxprod for agrisource-api-benno., DetailsLevel: INFO
2026-07-15T01:05:53.5412104Z Establishing network.
2026-07-15T01:05:53.5412845Z Pulling image: appsvc/dotnetcore:8.0_20260504.4.tuxprod.
2026-07-15T01:05:55.0229584Z Container is starting.
2026-07-15T01:05:55.0230782Z State: Starting, Action: MountingVolumes, LastError: ContainerTimeout, LastErrorTimestamp: 07/15/2026 01:01:42, LastErrorDetails: Container did not start within expected time limit of 1800s. Please inspect your container logs for more details., Details: Mounting volumes for agrisource-api-benno., DetailsLevel: INFO
2026-07-15T01:05:55.0232463Z Establishing user namespace if not established already.
2026-07-15T01:05:55.0233270Z Establishing network if not established already.
2026-07-15T01:05:55.0329452Z Mounting volumes.
2026-07-15T01:05:55.0414525Z Nested mountpoint site/wwwroot
2026-07-15T01:05:55.0609971Z Nested mountpoint volatile/logs
2026-07-15T01:05:55.1804002Z Nested mountpoint 
2026-07-15T01:05:55.6101574Z Nested mountpoint 
2026-07-15T01:05:55.9508143Z Nested mountpoint 
2026-07-15T01:05:55.9929327Z Nested mountpoint 
2026-07-15T01:05:56.5701393Z Nested mountpoint 
2026-07-15T01:05:59.7906034Z State: Starting, Action: CreatingContainer, LastError: ContainerTimeout, LastErrorTimestamp: 07/15/2026 01:01:42, LastErrorDetails: Container did not start within expected time limit of 1800s. Please inspect your container logs for more details., Details: Finished pulling container image and mounting volumes for agrisource-api-benno. Allocatinng the rest of the container resources to finish container creation., DetailsLevel: INFO
2026-07-15T01:05:59.7909206Z Creating container.
2026-07-15T01:05:59.8663088Z Creating pipes for streaming container io.
2026-07-15T01:05:59.8666764Z Creating stdout named pipe at /podr/container/pipe/682f450dd6ee_agrisource-api-benno/stdout_5844f77f0f744ed4abb2479bbfb1abe9.
2026-07-15T01:05:59.8701533Z Successfully created stdout named pipe at: /podr/container/pipe/682f450dd6ee_agrisource-api-benno/stdout_5844f77f0f744ed4abb2479bbfb1abe9.
2026-07-15T01:05:59.8871119Z Opening named pipe /podr/container/pipe/682f450dd6ee_agrisource-api-benno/stdout_5844f77f0f744ed4abb2479bbfb1abe9 for reading in non-blocking mode.
2026-07-15T01:05:59.8872924Z Successfully opened named pipe: /podr/container/pipe/682f450dd6ee_agrisource-api-benno/stdout_5844f77f0f744ed4abb2479bbfb1abe9.
2026-07-15T01:05:59.8874120Z Successfully removed non-blocking flag from /podr/container/pipe/682f450dd6ee_agrisource-api-benno/stdout_5844f77f0f744ed4abb2479bbfb1abe9.
2026-07-15T01:05:59.8898439Z Creating stderr named pipe at /podr/container/pipe/682f450dd6ee_agrisource-api-benno/stderr_d6ff07d584254ba98241892606864085.
2026-07-15T01:05:59.9557285Z Successfully created stderr named pipe at: /podr/container/pipe/682f450dd6ee_agrisource-api-benno/stderr_d6ff07d584254ba98241892606864085.
2026-07-15T01:05:59.9689262Z Opening named pipe /podr/container/pipe/682f450dd6ee_agrisource-api-benno/stderr_d6ff07d584254ba98241892606864085 for reading in non-blocking mode.
2026-07-15T01:05:59.9971789Z Successfully opened named pipe: /podr/container/pipe/682f450dd6ee_agrisource-api-benno/stderr_d6ff07d584254ba98241892606864085.
2026-07-15T01:05:59.9978392Z Successfully removed non-blocking flag from /podr/container/pipe/682f450dd6ee_agrisource-api-benno/stderr_d6ff07d584254ba98241892606864085.
2026-07-15T01:06:00.0054457Z Creating container with image: appsvc/dotnetcore:8.0_20260504.4.tuxprod from registry: 10.1.0.4:13209 and fully qualified image name: 10.1.0.4:13209/appsvc/dotnetcore:8.0_20260504.4.tuxprod
2026-07-15T01:06:04.0674371Z Starting container: 682f450dd6ee_agrisource-api-benno.
2026-07-15T01:06:04.6504673Z Starting watchers and probes.
2026-07-15T01:06:04.6529902Z Starting metrics collection.
2026-07-15T01:06:04.6532656Z Container is running.
2026-07-15T01:06:04.6714267Z State: Starting, Action: CreatingContainer, LastError: ContainerTimeout, LastErrorTimestamp: 07/15/2026 01:01:42, LastErrorDetails: Container did not start within expected time limit of 1800s. Please inspect your container logs for more details., Details: Container agrisource-api-benno successfully created and is running., DetailsLevel: INFO
2026-07-15T01:06:05.3528537Z Container start method finished after 11811 ms.
2026-07-15T01:06:05.3530268Z State: Starting, Action: InitiatingSiteWarmUpProbe, LastError: ContainerTimeout, LastErrorTimestamp: 07/15/2026 01:01:42, LastErrorDetails: Container did not start within expected time limit of 1800s. Please inspect your container logs for more details., Details: Container agrisource-api-benno successfully created and is running., DetailsLevel: INFO
2026-07-15T01:06:05.3547076Z State: Starting, Action: WaitingForSiteWarmUpProbeSuccess, LastError: ContainerTimeout, LastErrorTimestamp: 07/15/2026 01:01:42, LastErrorDetails: Container did not start within expected time limit of 1800s. Please inspect your container logs for more details., Details: Pinging warmup path to ensure container is ready to receive requests., DetailsLevel: INFO
